../Core/Src/main.c:107:5:read_sensor_Left	8	static
../Core/Src/main.c:111:5:read_sensor_Right	8	static
../Core/Src/main.c:115:5:__io_putchar	16	static
../Core/Src/main.c:120:6:print_buffer	32	static
../Core/Src/main.c:134:6:TaskETAT	16	static
../Core/Src/main.c:152:6:TaskLIDAR	16	static
../Core/Src/main.c:159:6:TaskACC	48	static
../Core/Src/main.c:199:6:TaskMOTOR	16	static
../Core/Src/main.c:207:6:TaskEDGE	16	static
../Core/Src/main.c:225:5:main	40	static
../Core/Src/main.c:344:6:SystemClock_Config	88	static
../Core/Src/main.c:380:6:HAL_UART_RxHalfCpltCallback	24	static,ignoring_inline_asm
../Core/Src/main.c:387:6:HAL_UART_RxCpltCallback	24	static,ignoring_inline_asm
../Core/Src/main.c:399:6:Error_Handler	4	static,ignoring_inline_asm
