../Core/Src/stm32g4xx_it.c:78:6:NMI_Handler	4	static
../Core/Src/stm32g4xx_it.c:93:6:HardFault_Handler	4	static
../Core/Src/stm32g4xx_it.c:108:6:MemManage_Handler	4	static
../Core/Src/stm32g4xx_it.c:123:6:BusFault_Handler	4	static
../Core/Src/stm32g4xx_it.c:138:6:UsageFault_Handler	4	static
../Core/Src/stm32g4xx_it.c:153:6:DebugMon_Handler	4	static
../Core/Src/stm32g4xx_it.c:166:6:SysTick_Handler	8	static
../Core/Src/stm32g4xx_it.c:195:6:EXTI0_IRQHandler	8	static
../Core/Src/stm32g4xx_it.c:209:6:EXTI1_IRQHandler	8	static
../Core/Src/stm32g4xx_it.c:223:6:DMA1_Channel1_IRQHandler	8	static
../Core/Src/stm32g4xx_it.c:237:6:TIM1_UP_TIM16_IRQHandler	8	static
../Core/Src/stm32g4xx_it.c:252:6:EXTI15_10_IRQHandler	8	static
