../Core/Src/main.c:71:6:lidar_Init	8	static
../Core/Src/main.c:79:6:get_lidar_data	8	static
../Core/Src/main.c:88:5:lidar_Start	16	static
../Core/Src/main.c:106:5:main	8	static
../Core/Src/main.c:158:6:SystemClock_Config	88	static
../Core/Src/main.c:204:13:MX_TIM4_Init	64	static
../Core/Src/main.c:263:13:MX_USART2_UART_Init	8	static
../Core/Src/main.c:311:13:MX_USART3_UART_Init	8	static
../Core/Src/main.c:357:13:MX_DMA_Init	16	static
../Core/Src/main.c:376:13:MX_GPIO_Init	48	static
../Core/Src/main.c:426:6:Error_Handler	4	static,ignoring_inline_asm
