../Core/Src/main.c:69:6:lidar_Init	8	static
../Core/Src/main.c:77:6:get_lidar_data	8	static
../Core/Src/main.c:86:5:lidar_Start	16	static
../Core/Src/main.c:101:5:lidar_Start2	16	static
../Core/Src/main.c:120:5:main	8	static
../Core/Src/main.c:171:6:SystemClock_Config	88	static
../Core/Src/main.c:217:13:MX_TIM4_Init	64	static
../Core/Src/main.c:276:13:MX_USART2_UART_Init	8	static
../Core/Src/main.c:324:13:MX_USART3_UART_Init	8	static
../Core/Src/main.c:372:13:MX_GPIO_Init	48	static
../Core/Src/main.c:422:6:Error_Handler	4	static,ignoring_inline_asm
